// Jest Snapshot v1, https://goo.gl/fbAQLP

exports[`Testing snapshot for Userpilot's identifyUser destination action: all fields 1`] = `
Object {
  "metadata": Object {
    "testType": "c131yaXs",
  },
  "user_id": "c131yaXs",
}
`;

exports[`Testing snapshot for Userpilot's identifyUser destination action: required fields 1`] = `Object {}`;
